// Vitest Snapshot v1, https://vitest.dev/guide/snapshot.html

exports[`Spinner component > renders 1`] = `
<div
  class="Spinner__gbijxg1 Spinner_size_medium__gbijxg3"
>
  <div
    class="Spinner_circle__gbijxg5 Spinner_circle_size_medium__gbijxgc Spinner_circle_theme_dark__gbijxg6"
  />
  <div
    class="Spinner_spin__gbijxgi Spinner_spin_size_medium__gbijxgp Spinner_spin_theme_dark__gbijxgm"
  />
</div>
`;
